 Update Wizard — Version Preview  
                                  
 [OK] Agent is already up to date 
                                  
   Current version:   1.8.3       
   Latest available:  1.8.3       
                                  
 No update action is available.   
                                  
 Press  esc  to return to Status. 