 Update Complete                                               
                                                               
 [OK] Update successful!                                       
                                                               
   New agent version:    1.8.4                                 
   Backup location:      /opt/crenein/.backups/20260615_120000 
                                                               
 Press  esc  or  enter  to return to Status.                   